Microsoft Windows [Version 10.0.22631.4391]
(c) Microsoft Corporation. All rights reserved.

C:\Users\DELL>sqlplus

SQL*Plus: Release 21.0.0.0.0 - Production on Wed Nov 13 17:21:47 2024
Version 21.3.0.0.0

Copyright (c) 1982, 2021, Oracle.  All rights reserved.

Enter user-name: system
Enter password:
Last Successful login time: Wed Nov 13 2024 17:18:53 +05:30

Connected to:
Oracle Database 21c Express Edition Release 21.0.0.0.0 - Production
Version 21.3.0.0.0

SQL> create user C##ems identified by ayisha;

User created.

SQL> grant connect, resource to C##ems;

Grant succeeded.

SQL> alter user C##ems quota unlimited on users;

User altered.

SQL> exit
Disconnected from Oracle Database 21c Express Edition Release 21.0.0.0.0 - Production
Version 21.3.0.0.0

C:\Users\DELL>sqlplus

SQL*Plus: Release 21.0.0.0.0 - Production on Wed Nov 13 17:24:13 2024
Version 21.3.0.0.0

Copyright (c) 1982, 2021, Oracle.  All rights reserved.

Enter user-name: ems
Enter password:
ERROR:
ORA-01017: invalid username/password; logon denied


Enter user-name: C##ems
Enter password:

Connected to:
Oracle Database 21c Express Edition Release 21.0.0.0.0 - Production
Version 21.3.0.0.0

SQL> create table department(id number generated by default as identity start with 10 primary key, name varchar(125) not
 null);

Table created.

SQL> desc department;
 Name                                      Null?    Type
 ----------------------------------------- -------- ----------------------------
 ID                                        NOT NULL NUMBER
 NAME                                      NOT NULL VARCHAR2(125)

SQL> insert into department(id, name) values(1,'ayisha');

1 row created.

SQL> select * from department;

        ID
----------
NAME
--------------------------------------------------------------------------------
         1
ayisha


SQL> insert into department(id, name) values(2,'anagha');

1 row created.

SQL> set linesize 500;
SQL> select * from department;

        ID NAME
---------- -----------------------------------------------------------------------------------------------------------------------------
         1 ayisha
         2 anagha

SQL> coloumn name format a30;
SP2-0734: unknown command beginning "coloumn na..." - rest of line ignored.
SQL> coloumn name format a20;
SP2-0734: unknown command beginning "coloumn na..." - rest of line ignored.
SQL> column name format a30;
SQL> select * from department;

        ID NAME
---------- ------------------------------
         1 ayisha
         2 anagha

SQL> create table countries(id number generated by default as identify start with 10 increment by 10 primary key,name varchar(125) not null, ruler varchar2(255) not null);
create table countries(id number generated by default as identify start with 10 increment by 10 primary key,name varchar(125) not null, ruler varchar2(255) not null)
                                           *
ERROR at line 1:
ORA-02000: missing ALWAYS keyword


SQL> create table countries(id number generated by default as identify start with 11 increment by 10 primary key,name va
rchar2(125) not null, ruler varchar2(255) not null);
create table countries(id number generated by default as identify start with 11 increment by 10 primary key,name varchar2(125) not null, ruler varchar2(255) not null)
                                           *
ERROR at line 1:
ORA-02000: missing ALWAYS keyword


SQL> CREATE TABLE countries (
  2      id NUMBER GENERATED BY DEFAULT AS IDENTITY (START WITH 11 INCREMENT BY 10) PRIMARY KEY,
  3      name VARCHAR2(125) NOT NULL,
  4      ruler VARCHAR2(255) NOT NULL
  5  );

Table created.

SQL> insert into country(id, name, ruler) values(11, 'USA', 'Trump');
insert into country(id, name, ruler) values(11, 'USA', 'Trump')
            *
ERROR at line 1:
ORA-00942: table or view does not exist


SQL> insert into countries(id, name, ruler) values(11, 'USA', 'Trump');

1 row created.

SQL> select * from countries;

        ID NAME                           RULER
---------- ------------------------------ ---------------------------------------------------------------------------------------------------------------------------------------------------------------------------------------------------------------------------------------------------------------
        11 USA                            Trump

SQL> insert into countries(id, name, ruler) values(11, 'India', 'Modi');
insert into countries(id, name, ruler) values(11, 'India', 'Modi')
*
ERROR at line 1:
ORA-00001: unique constraint (C##EMS.SYS_C008320) violated


SQL> insert into countries(id, name, ruler) values(21, 'India', 'Modi');

1 row created.

SQL> select * from countries;

        ID NAME                           RULER
---------- ------------------------------ ---------------------------------------------------------------------------------------------------------------------------------------------------------------------------------------------------------------------------------------------------------------
        11 USA                            Trump
        21 India                          Modi

SQL> column name format a30;
SQL> select * from countries
  2
SQL> select * from countries;

        ID NAME                           RULER
---------- ------------------------------ ---------------------------------------------------------------------------------------------------------------------------------------------------------------------------------------------------------------------------------------------------------------
        11 USA                            Trump
        21 India                          Modi
